------------------------------------------------------------
Timing Analyzer Summary
------------------------------------------------------------

Type  : Slow 1200mV 85C Model Setup 'CLOCK_50'
Slack : -7.459
TNS   : -2159.063

Type  : Slow 1200mV 85C Model Setup 'VGA_SYNC:videoSync|pixel_clock_int'
Slack : -2.541
TNS   : -81.157

Type  : Slow 1200mV 85C Model Setup 'ps2:keyboard|keyboard:u1|keyboard_clk_filtered'
Slack : -2.458
TNS   : -37.431

Type  : Slow 1200mV 85C Model Setup 'de2lcd:lcdGen|CLK_400HZ'
Slack : -1.919
TNS   : -45.979

Type  : Slow 1200mV 85C Model Hold 'CLOCK_50'
Slack : 0.391
TNS   : 0.000

Type  : Slow 1200mV 85C Model Hold 'de2lcd:lcdGen|CLK_400HZ'
Slack : 0.403
TNS   : 0.000

Type  : Slow 1200mV 85C Model Hold 'ps2:keyboard|keyboard:u1|keyboard_clk_filtered'
Slack : 0.403
TNS   : 0.000

Type  : Slow 1200mV 85C Model Hold 'VGA_SYNC:videoSync|pixel_clock_int'
Slack : 0.404
TNS   : 0.000

Type  : Slow 1200mV 85C Model Recovery 'ps2:keyboard|keyboard:u1|ready_set'
Slack : -2.139
TNS   : -2.139

Type  : Slow 1200mV 85C Model Removal 'ps2:keyboard|keyboard:u1|ready_set'
Slack : 2.605
TNS   : 0.000

Type  : Slow 1200mV 85C Model Minimum Pulse Width 'CLOCK_50'
Slack : -3.000
TNS   : -1085.890

Type  : Slow 1200mV 85C Model Minimum Pulse Width 'de2lcd:lcdGen|CLK_400HZ'
Slack : -1.285
TNS   : -62.965

Type  : Slow 1200mV 85C Model Minimum Pulse Width 'VGA_SYNC:videoSync|pixel_clock_int'
Slack : -1.285
TNS   : -57.825

Type  : Slow 1200mV 85C Model Minimum Pulse Width 'ps2:keyboard|keyboard:u1|keyboard_clk_filtered'
Slack : -1.285
TNS   : -29.555

Type  : Slow 1200mV 85C Model Minimum Pulse Width 'ps2:keyboard|keyboard:u1|ready_set'
Slack : -1.285
TNS   : -1.285

Type  : Slow 1200mV 0C Model Setup 'CLOCK_50'
Slack : -6.636
TNS   : -1929.798

Type  : Slow 1200mV 0C Model Setup 'VGA_SYNC:videoSync|pixel_clock_int'
Slack : -2.203
TNS   : -69.898

Type  : Slow 1200mV 0C Model Setup 'ps2:keyboard|keyboard:u1|keyboard_clk_filtered'
Slack : -2.197
TNS   : -32.485

Type  : Slow 1200mV 0C Model Setup 'de2lcd:lcdGen|CLK_400HZ'
Slack : -1.701
TNS   : -37.131

Type  : Slow 1200mV 0C Model Hold 'CLOCK_50'
Slack : 0.350
TNS   : 0.000

Type  : Slow 1200mV 0C Model Hold 'de2lcd:lcdGen|CLK_400HZ'
Slack : 0.354
TNS   : 0.000

Type  : Slow 1200mV 0C Model Hold 'ps2:keyboard|keyboard:u1|keyboard_clk_filtered'
Slack : 0.354
TNS   : 0.000

Type  : Slow 1200mV 0C Model Hold 'VGA_SYNC:videoSync|pixel_clock_int'
Slack : 0.355
TNS   : 0.000

Type  : Slow 1200mV 0C Model Recovery 'ps2:keyboard|keyboard:u1|ready_set'
Slack : -1.813
TNS   : -1.813

Type  : Slow 1200mV 0C Model Removal 'ps2:keyboard|keyboard:u1|ready_set'
Slack : 2.330
TNS   : 0.000

Type  : Slow 1200mV 0C Model Minimum Pulse Width 'CLOCK_50'
Slack : -3.000
TNS   : -1072.690

Type  : Slow 1200mV 0C Model Minimum Pulse Width 'de2lcd:lcdGen|CLK_400HZ'
Slack : -1.285
TNS   : -62.965

Type  : Slow 1200mV 0C Model Minimum Pulse Width 'VGA_SYNC:videoSync|pixel_clock_int'
Slack : -1.285
TNS   : -57.825

Type  : Slow 1200mV 0C Model Minimum Pulse Width 'ps2:keyboard|keyboard:u1|keyboard_clk_filtered'
Slack : -1.285
TNS   : -29.555

Type  : Slow 1200mV 0C Model Minimum Pulse Width 'ps2:keyboard|keyboard:u1|ready_set'
Slack : -1.285
TNS   : -1.285

Type  : Fast 1200mV 0C Model Setup 'CLOCK_50'
Slack : -3.231
TNS   : -841.200

Type  : Fast 1200mV 0C Model Setup 'ps2:keyboard|keyboard:u1|keyboard_clk_filtered'
Slack : -0.806
TNS   : -6.486

Type  : Fast 1200mV 0C Model Setup 'VGA_SYNC:videoSync|pixel_clock_int'
Slack : -0.723
TNS   : -16.990

Type  : Fast 1200mV 0C Model Setup 'de2lcd:lcdGen|CLK_400HZ'
Slack : -0.476
TNS   : -4.591

Type  : Fast 1200mV 0C Model Hold 'CLOCK_50'
Slack : 0.105
TNS   : 0.000

Type  : Fast 1200mV 0C Model Hold 'ps2:keyboard|keyboard:u1|keyboard_clk_filtered'
Slack : 0.181
TNS   : 0.000

Type  : Fast 1200mV 0C Model Hold 'VGA_SYNC:videoSync|pixel_clock_int'
Slack : 0.182
TNS   : 0.000

Type  : Fast 1200mV 0C Model Hold 'de2lcd:lcdGen|CLK_400HZ'
Slack : 0.182
TNS   : 0.000

Type  : Fast 1200mV 0C Model Recovery 'ps2:keyboard|keyboard:u1|ready_set'
Slack : -0.714
TNS   : -0.714

Type  : Fast 1200mV 0C Model Removal 'ps2:keyboard|keyboard:u1|ready_set'
Slack : 1.426
TNS   : 0.000

Type  : Fast 1200mV 0C Model Minimum Pulse Width 'CLOCK_50'
Slack : -3.000
TNS   : -568.484

Type  : Fast 1200mV 0C Model Minimum Pulse Width 'de2lcd:lcdGen|CLK_400HZ'
Slack : -1.000
TNS   : -49.000

Type  : Fast 1200mV 0C Model Minimum Pulse Width 'VGA_SYNC:videoSync|pixel_clock_int'
Slack : -1.000
TNS   : -45.000

Type  : Fast 1200mV 0C Model Minimum Pulse Width 'ps2:keyboard|keyboard:u1|keyboard_clk_filtered'
Slack : -1.000
TNS   : -23.000

Type  : Fast 1200mV 0C Model Minimum Pulse Width 'ps2:keyboard|keyboard:u1|ready_set'
Slack : -1.000
TNS   : -1.000

------------------------------------------------------------
